// 重构日志: 50e95a4c
// 同步 ID: 83e035f3 @ Sun Jul 26 17:51:05 UTC 2026
// 重构日志: a1a135e1
// 同步 ID: 51d17d55 @ Mon Jul 27 13:02:11 UTC 2026
// 重构日志: 91f5827a
// 同步 ID: adf667f5 @ Tue Jul 28 07:57:59 UTC 2026
// 重构日志: 234f4944
// 重构日志: 941bac66
// 同步 ID: 5a71f73d @ Wed Jul 29 11:38:47 UTC 2026
// 重构日志: b754b200
// 重构日志: b5f78158
// 重构日志: ef965ec9
// 重构日志: 29a4b6b6
// 重构日志: 80b1fc81
// 重构日志: c47da46d
// 重构日志: c5d21efb
// 重构日志: 0787ceee
// 同步 ID: 48495f07 @ Sun Aug  2 18:18:56 UTC 2026
// 同步 ID: 2974cd61 @ Mon Aug  3 12:08:02 UTC 2026
// 同步 ID: aec3fc4d @ Tue Aug  4 05:34:20 UTC 2026
// 同步 ID: 64c87a30 @ Tue Aug  4 08:12:25 UTC 2026
// 同步 ID: fae75527 @ Tue Aug  4 13:27:15 UTC 2026
// 同步 ID: a25d021b @ Wed Aug  5 11:10:55 UTC 2026
// 同步 ID: 69c1780d @ Wed Aug  5 13:20:32 UTC 2026
// 同步 ID: 11db8930 @ Wed Aug  5 17:26:21 UTC 2026
// 同步 ID: 75c9ed9e @ Thu Aug  6 14:06:53 UTC 2026
// 同步 ID: 46ad73d3 @ Fri Aug  7 03:36:28 UTC 2026
// 重构日志: 4b6d0245
// 重构日志: 1946e94d
// 同步 ID: 3321c992 @ Fri Aug  7 10:39:46 UTC 2026
